
> hackjklu-5.0@5.0.0 build
> next build

node.exe :  ΓÜá 
Warning: Next.js 
inferred your 
workspace root, but 
it may not be correct.
At C:\Program Files\no
dejs\npm.ps1:29 char:3
+   & $NODE_EXE 
$NPM_CLI_JS $args
+   ~~~~~~~~~~~~~~~~~~
~~~~~~~~~~~
    + CategoryInfo    
          : NotSpeci  
  fied: ( ΓÜá Warni   
 ng: N...not be co    
rrect.:String) []    
, RemoteException
    + FullyQualifiedE 
   rrorId : NativeCo  
  mmandError
 
 We detected multiple 
lockfiles and 
selected the 
directory of C:\Users\
Admin\package-lock.jso
n as the root 
directory.
 To silence this 
warning, set `outputFi
leTracingRoot` in 
your Next.js config, 
or consider removing 
one of the lockfiles 
if it's not needed.
   See https://nextjs.
org/docs/app/api-refer
ence/config/next-confi
g-js/output#caveats 
for more information.
 Detected additional 
lockfiles: 
   * C:\Users\Admin\De
sktop\HackJKLU V5.0\Ha
ckJKLU-v5.0\package-lo
ck.json

   Γû▓ Next.js 15.5.9

   Creating an optimized production build ...
Failed to compile.

./src/app/problem-stat
ements/page.tsx
Module not found: 
Can't resolve '@/pages
/CallForProblemStateme
nts'

https://nextjs.org/doc
s/messages/module-not-
found

./src/app/sponsor/page
.tsx
Module not found: 
Can't resolve 
'@/pages/WhySponsor'

https://nextjs.org/doc
s/messages/module-not-
found

./src/app/themes/page.
tsx
Module not found: 
Can't resolve 
'@/pages/Themes'

https://nextjs.org/doc
s/messages/module-not-
found


> Build failed 
because of webpack 
errors
